00000100000000001000000000110010
00000100001000011000000000110010
00000100010000101000000000000000
00000100011000111000000000000000
00000100100001001000000000110010
00000100101001011000000000000000
00000100110001101000000000000000
00000100111001111000100111110110
00000101000010001001001110111010
00000101101011011000000000000000
00110101011001000111000000000000
00110101100001110111000000000000
00010001110010110011000000000000
00000101101011010011100000000000
00000100100001001000000000000001
00000100111001110000010000000000
00000100011000111000000000000001
00000100101001011000000000000001
00001100011000010000000000000000
01111011010000001000000000001100
00000100010000101000000000000001
00000100110001101000000000000001
00001000011000110000110000000000
00001000101001010001010000000000
00111001101010000111000000000000
00000101000010001000000000000001
00001001101011010011010000000000
00001100010000000000000000000000
01111011010000001000000000001100
10000000000000000000000000000000