00000100000000001000000000001010
01111111100000001000000000000011
00000100000000001000000000000101
00010000000000001000000000000010
00111000000000001000000000000110
10000000000000000000000000000000