00000100001000011000000000010100
00000100010000101000000000011110
00000100011000010000100000000000
00111000011000001000000000101101
10000000000000000000000000000000
